// Jest Snapshot v1, https://goo.gl/fbAQLP

exports[`App snapshot renders the loading screen 1`] = `
<View
  style={
    Object {
      "alignItems": "center",
      "backgroundColor": "#ced8e0",
      "flex": 1,
      "justifyContent": "center",
    }
  }
>
  <View
    style={
      Object {
        "alignItems": "center",
        "flex": 2,
        "justifyContent": "center",
      }
    }
  >
    <Text
      style={
        Object {
          "color": "#008F68",
          "fontSize": 70,
        }
      }
    >
      Shifumi Online
    </Text>
    <Text
      style={
        Object {
          "color": "#008F68",
          "fontSize": 18,
          "marginTop": 8,
        }
      }
    >
      Best game ever made
    </Text>
  </View>
  <View
    style={
      Object {
        "alignItems": "center",
        "flex": 3,
        "justifyContent": "flex-start",
      }
    }
  >
    <Image
      source={1}
    />
  </View>
  <View
    style={
      Object {
        "justifyContent": "flex-end",
        "margin": 20,
        "padding": 10,
        "width": "90%",
      }
    }
  >
    <View
      style={
        Object {
          "backgroundColor": "#008F68",
          "borderRadius": 5,
          "margin": 8,
        }
      }
    >
      <View
        accessibilityRole="button"
        accessibilityStates={Array []}
        accessible={true}
        isTVSelectable={true}
        onResponderGrant={[Function]}
        onResponderMove={[Function]}
        onResponderRelease={[Function]}
        onResponderTerminate={[Function]}
        onResponderTerminationRequest={[Function]}
        onStartShouldSetResponder={[Function]}
        style={
          Object {
            "opacity": 1,
          }
        }
      >
        <View
          style={
            Array [
              Object {},
            ]
          }
        >
          <Text
            style={
              Array [
                Object {
                  "color": "#007AFF",
                  "fontSize": 18,
                  "padding": 8,
                  "textAlign": "center",
                },
                Object {
                  "color": "#008F68",
                },
              ]
            }
          >
            LET'S START
          </Text>
        </View>
      </View>
    </View>
  </View>
</View>
`;

exports[`App snapshot renders the root without loading screen 1`] = `
<View
  style={
    Object {
      "alignItems": "center",
      "backgroundColor": "#ced8e0",
      "flex": 1,
      "justifyContent": "center",
    }
  }
>
  <View
    style={
      Object {
        "alignItems": "center",
        "flex": 2,
        "justifyContent": "center",
      }
    }
  >
    <Text
      style={
        Object {
          "color": "#008F68",
          "fontSize": 70,
        }
      }
    >
      Shifumi Online
    </Text>
    <Text
      style={
        Object {
          "color": "#008F68",
          "fontSize": 18,
          "marginTop": 8,
        }
      }
    >
      Best game ever made
    </Text>
  </View>
  <View
    style={
      Object {
        "alignItems": "center",
        "flex": 3,
        "justifyContent": "flex-start",
      }
    }
  >
    <Image
      source={1}
    />
  </View>
  <View
    style={
      Object {
        "justifyContent": "flex-end",
        "margin": 20,
        "padding": 10,
        "width": "90%",
      }
    }
  >
    <View
      style={
        Object {
          "backgroundColor": "#008F68",
          "borderRadius": 5,
          "margin": 8,
        }
      }
    >
      <View
        accessibilityRole="button"
        accessibilityStates={Array []}
        accessible={true}
        isTVSelectable={true}
        onResponderGrant={[Function]}
        onResponderMove={[Function]}
        onResponderRelease={[Function]}
        onResponderTerminate={[Function]}
        onResponderTerminationRequest={[Function]}
        onStartShouldSetResponder={[Function]}
        style={
          Object {
            "opacity": 1,
          }
        }
      >
        <View
          style={
            Array [
              Object {},
            ]
          }
        >
          <Text
            style={
              Array [
                Object {
                  "color": "#007AFF",
                  "fontSize": 18,
                  "padding": 8,
                  "textAlign": "center",
                },
                Object {
                  "color": "#008F68",
                },
              ]
            }
          >
            LET'S START
          </Text>
        </View>
      </View>
    </View>
  </View>
</View>
`;
